

================================================================
== Vivado HLS Report for 'read_data'
================================================================
* Date:           Mon Feb  1 13:51:17 2021

* Version:        2017.1 (Build 1846317 on Fri Apr 14 19:19:38 MDT 2017)
* Project:        dato2moment
* Solution:       solution1
* Product family: zynq
* Target device:  xc7z020clg484-1


================================================================
== Performance Estimates
================================================================
+ Timing (ns): 
    * Summary: 
    +--------+-------+----------+------------+
    |  Clock | Target| Estimated| Uncertainty|
    +--------+-------+----------+------------+
    |ap_clk  |  10.00|      4.14|        1.25|
    +--------+-------+----------+------------+

+ Latency (clock cycles): 
    * Summary: 
    +-----+-----+-----+-----+---------+
    |  Latency  |  Interval | Pipeline|
    | min | max | min | max |   Type  |
    +-----+-----+-----+-----+---------+
    |    6|    6|    6|    6|   none  |
    +-----+-----+-----+-----+---------+

    + Detail: 
        * Instance: 
        N/A

        * Loop: 
        +--------------------+-----+-----+----------+-----------+-----------+------+----------+
        |                    |  Latency  | Iteration|  Initiation Interval  | Trip |          |
        |      Loop Name     | min | max |  Latency |  achieved |   target  | Count| Pipelined|
        +--------------------+-----+-----+----------+-----------+-----------+------+----------+
        |- RD_Loop_Into_Buf  |    4|    4|         2|          1|          1|     4|    yes   |
        +--------------------+-----+-----+----------+-----------+-----------+------+----------+

============================================================
+ Verbose Summary: Synthesis Manager
============================================================
InlineROM: 1
ExposeGlobal: 0
============================================================
+ Verbose Summary: CDFG Model
============================================================
IsTopModel: 0
ResetActiveHigh: 1
IsCombinational: 2
IsDatapathOnly: 0
HasWiredReturn: 1
HasMFsm: 0
HasVarLatency: 1
IsPipeline: 0
IsRtlPipelined: 0
IsInstanceOverlapped: 0
IsDontTouch: 0
HasImplIP: 0
IsGatedGlobalClock: 0

+ Individual pipeline summary: 
  * Pipeline-0: initiation interval (II) = 1, depth = 2


============================================================
+ Verbose Summary: Schedule
============================================================
* Number of FSM states: 4
* Pipeline: 1
  Pipeline-0: II = 1, D = 2, States = { 2 3 }
* Dataflow Pipeline: 0

* FSM state transitions: 
1 --> 
	2  / true
2 --> 
	4  / (tmp)
	3  / (!tmp)
3 --> 
	2  / true
4 --> 
* FSM state operations: 

 <State 1>: 1.77ns
ST_1: StgValue_5 (9)  [1/1] 0.00ns
:0  call void (...)* @_ssdm_op_SpecInterface(i32* %input_data_V, i4* %input_keep_V, i4* %input_strb_V, i4* %input_user_V, i1* %input_last_V, i5* %input_id_V, i5* %input_dest_V, [5 x i8]* @p_str, i32 1, i32 1, [5 x i8]* @p_str1, i32 0, i32 0, [1 x i8]* @p_str2, [1 x i8]* @p_str2, [1 x i8]* @p_str2, i32 0, i32 0, i32 0, i32 0, [1 x i8]* @p_str2, [1 x i8]* @p_str2)

ST_1: StgValue_6 (10)  [1/1] 1.77ns  loc: ./axi_algorithm.h:159
:1  br label %1


 <State 2>: 4.14ns
ST_2: i (12)  [1/1] 0.00ns
:0  %i = phi i3 [ 0, %0 ], [ %i_1, %2 ]

ST_2: tmp (13)  [1/1] 2.07ns  loc: ./axi_algorithm.h:159
:1  %tmp = icmp eq i3 %i, -4

ST_2: i_1 (14)  [1/1] 2.53ns  loc: ./axi_algorithm.h:159
:2  %i_1 = add i3 %i, 1

ST_2: StgValue_10 (15)  [1/1] 0.00ns  loc: ./axi_algorithm.h:159
:3  br i1 %tmp, label %3, label %2

ST_2: empty_2 (22)  [2/2] 0.00ns
:5  %empty_2 = call { i32, i4, i4, i4, i1, i5, i5 } @_ssdm_op_Read.axis.volatile.i32P.i4P.i4P.i4P.i1P.i5P.i5P(i32* %input_data_V, i4* %input_keep_V, i4* %input_strb_V, i4* %input_user_V, i1* %input_last_V, i5* %input_id_V, i5* %input_dest_V)


 <State 3>: 2.32ns
ST_3: empty (17)  [1/1] 0.00ns
:0  %empty = call i32 (...)* @_ssdm_op_SpecLoopTripCount(i64 4, i64 4, i64 4)

ST_3: StgValue_13 (18)  [1/1] 0.00ns  loc: ./axi_algorithm.h:160
:1  call void (...)* @_ssdm_op_SpecLoopName([17 x i8]* @p_str6) nounwind

ST_3: tmp_2 (19)  [1/1] 0.00ns  loc: ./axi_algorithm.h:160
:2  %tmp_2 = call i32 (...)* @_ssdm_op_SpecRegionBegin([17 x i8]* @p_str6)

ST_3: StgValue_15 (20)  [1/1] 0.00ns  loc: ./axi_algorithm.h:161
:3  call void (...)* @_ssdm_op_SpecPipeline(i32 1, i32 1, i32 1, i32 0, [1 x i8]* @p_str2) nounwind

ST_3: tmp_1 (21)  [1/1] 0.00ns  loc: ./axi_algorithm.h:162
:4  %tmp_1 = zext i3 %i to i32

ST_3: empty_2 (22)  [1/2] 0.00ns
:5  %empty_2 = call { i32, i4, i4, i4, i1, i5, i5 } @_ssdm_op_Read.axis.volatile.i32P.i4P.i4P.i4P.i1P.i5P.i5P(i32* %input_data_V, i4* %input_keep_V, i4* %input_strb_V, i4* %input_user_V, i1* %input_last_V, i5* %input_id_V, i5* %input_dest_V)

ST_3: p_Val2_s (23)  [1/1] 0.00ns
:6  %p_Val2_s = extractvalue { i32, i4, i4, i4, i1, i5, i5 } %empty_2, 0

ST_3: buf_V_addr (24)  [1/1] 0.00ns  loc: ./axi_algorithm.h:162
:7  %buf_V_addr = getelementptr [4 x i32]* %buf_V, i32 0, i32 %tmp_1

ST_3: StgValue_20 (25)  [1/1] 2.32ns  loc: ./axi_algorithm.h:162
:8  store i32 %p_Val2_s, i32* %buf_V_addr, align 4

ST_3: empty_3 (26)  [1/1] 0.00ns  loc: ./axi_algorithm.h:163
:9  %empty_3 = call i32 (...)* @_ssdm_op_SpecRegionEnd([17 x i8]* @p_str6, i32 %tmp_2)

ST_3: StgValue_22 (27)  [1/1] 0.00ns  loc: ./axi_algorithm.h:159
:10  br label %1


 <State 4>: 0.00ns
ST_4: StgValue_23 (29)  [1/1] 0.00ns  loc: ./axi_algorithm.h:164
:0  ret void



============================================================
+ Verbose Summary: Timing violations
============================================================
Target clock period: 10ns, clock uncertainty: 1.25ns.

 <State 1>: 1.77ns
The critical path consists of the following:
	multiplexor before 'phi' operation ('i') with incoming values : ('i', ./axi_algorithm.h:159) [12]  (1.77 ns)

 <State 2>: 4.14ns
The critical path consists of the following:
	'icmp' operation ('tmp', ./axi_algorithm.h:159) [13]  (2.07 ns)
	blocking operation 2.07 ns on control path)

 <State 3>: 2.32ns
The critical path consists of the following:
	'getelementptr' operation ('buf_V_addr', ./axi_algorithm.h:162) [24]  (0 ns)
	'store' operation (./axi_algorithm.h:162) of variable 'v' on array 'buf_V' [25]  (2.32 ns)

 <State 4>: 0ns
The critical path consists of the following:


============================================================
+ Verbose Summary: Binding
============================================================
N/A
* FSMD analyzer results:
  - Output states:
 - Input state : 
  - Chain level:
	State 1
	State 2
	State 3
	State 4


============================================================
+ Verbose Summary: Datapath Resource usage 
============================================================
N/A
