

================================================================
== Vivado HLS Report for 'write_data'
================================================================
* Date:           Wed Feb  1 16:42:50 2023

* Version:        2017.1 (Build 1846317 on Fri Apr 14 19:19:38 MDT 2017)
* Project:        opcionA
* Solution:       solution1
* Product family: zynq
* Target device:  xc7z020clg484-1


================================================================
== Performance Estimates
================================================================
+ Timing (ns): 
    * Summary: 
    +--------+-------+----------+------------+
    |  Clock | Target| Estimated| Uncertainty|
    +--------+-------+----------+------------+
    |ap_clk  |  10.00|      4.14|        1.25|
    +--------+-------+----------+------------+

+ Latency (clock cycles): 
    * Summary: 
    +-----+-----+-----+-----+---------+
    |  Latency  |  Interval | Pipeline|
    | min | max | min | max |   Type  |
    +-----+-----+-----+-----+---------+
    |    6|    6|    6|    6|   none  |
    +-----+-----+-----+-----+---------+

    + Detail: 
        * Instance: 
        N/A

        * Loop: 
        +------------------+-----+-----+----------+-----------+-----------+------+----------+
        |                  |  Latency  | Iteration|  Initiation Interval  | Trip |          |
        |     Loop Name    | min | max |  Latency |  achieved |   target  | Count| Pipelined|
        +------------------+-----+-----+----------+-----------+-----------+------+----------+
        |- WR_Loop_To_Int  |    4|    4|         2|          1|          1|     4|    yes   |
        +------------------+-----+-----+----------+-----------+-----------+------+----------+

============================================================
+ Verbose Summary: Synthesis Manager
============================================================
InlineROM: 1
ExposeGlobal: 0
============================================================
+ Verbose Summary: CDFG Model
============================================================
IsTopModel: 0
ResetActiveHigh: 1
IsCombinational: 0
IsDatapathOnly: 0
HasWiredReturn: 1
HasMFsm: 0
HasVarLatency: 1
IsPipeline: 0
IsRtlPipelined: 0
IsInstanceOverlapped: 0
IsDontTouch: 0
HasImplIP: 0
IsGatedGlobalClock: 0

+ Individual pipeline summary: 
  * Pipeline-0: initiation interval (II) = 1, depth = 2


============================================================
+ Verbose Summary: Schedule
============================================================
* Number of FSM states: 4
* Pipeline: 1
  Pipeline-0: II = 1, D = 2, States = { 2 3 }
* Dataflow Pipeline: 0

* FSM state transitions: 
1 --> 
	2  / true
2 --> 
	4  / (tmp)
	3  / (!tmp)
3 --> 
	2  / true
4 --> 
* FSM state operations: 

 <State 1>: 1.77ns
ST_1: StgValue_5 (12)  [1/1] 0.00ns
:0  call void (...)* @_ssdm_op_SpecInterface(i32* %output_data_V, i4* %output_keep_V, i4* %output_strb_V, i4* %output_user_V, i1* %output_last_V, i5* %output_id_V, i5* %output_dest_V, [5 x i8]* @p_str, i32 0, i32 0, [5 x i8]* @p_str1, i32 0, i32 0, [1 x i8]* @p_str2, [1 x i8]* @p_str2, [1 x i8]* @p_str2, i32 0, i32 0, i32 0, i32 0, [1 x i8]* @p_str2, [1 x i8]* @p_str2)

ST_1: buf_3_V_read_1 (13)  [1/1] 0.00ns
:1  %buf_3_V_read_1 = call i32 @_ssdm_op_Read.ap_auto.i32(i32 %buf_3_V_read)

ST_1: buf_2_V_read_1 (14)  [1/1] 0.00ns
:2  %buf_2_V_read_1 = call i32 @_ssdm_op_Read.ap_auto.i32(i32 %buf_2_V_read)

ST_1: buf_1_V_read_1 (15)  [1/1] 0.00ns
:3  %buf_1_V_read_1 = call i32 @_ssdm_op_Read.ap_auto.i32(i32 %buf_1_V_read)

ST_1: buf_0_V_read_1 (16)  [1/1] 0.00ns
:4  %buf_0_V_read_1 = call i32 @_ssdm_op_Read.ap_auto.i32(i32 %buf_0_V_read)

ST_1: StgValue_10 (17)  [1/1] 1.77ns  loc: ./axi_algorithm.h:183
:5  br label %1


 <State 2>: 4.14ns
ST_2: i (19)  [1/1] 0.00ns
:0  %i = phi i3 [ 0, %0 ], [ %i_1, %2 ]

ST_2: tmp (20)  [1/1] 2.07ns  loc: ./axi_algorithm.h:183
:1  %tmp = icmp eq i3 %i, -4

ST_2: i_1 (21)  [1/1] 2.53ns  loc: ./axi_algorithm.h:183
:2  %i_1 = add i3 %i, 1

ST_2: StgValue_14 (22)  [1/1] 0.00ns  loc: ./axi_algorithm.h:183
:3  br i1 %tmp, label %3, label %2

ST_2: last_assign (28)  [1/1] 2.07ns  loc: ./axi_algorithm.h:186
:4  %last_assign = icmp eq i3 %i, 3

ST_2: tmp_1 (29)  [1/1] 0.00ns  loc: ./axi_algorithm.h:183
:5  %tmp_1 = trunc i3 %i to i2

ST_2: p_Val2_s (30)  [1/1] 1.96ns  loc: ./axi_algorithm.h:183
:6  %p_Val2_s = call i32 @_ssdm_op_Mux.ap_auto.4i32.i2(i32 %buf_0_V_read_1, i32 %buf_1_V_read_1, i32 %buf_2_V_read_1, i32 %buf_3_V_read_1, i2 %tmp_1)


 <State 3>: 0.00ns
ST_3: empty (24)  [1/1] 0.00ns
:0  %empty = call i32 (...)* @_ssdm_op_SpecLoopTripCount(i64 4, i64 4, i64 4)

ST_3: StgValue_19 (25)  [1/1] 0.00ns  loc: ./axi_algorithm.h:184
:1  call void (...)* @_ssdm_op_SpecLoopName([15 x i8]* @p_str5) nounwind

ST_3: tmp_2 (26)  [1/1] 0.00ns  loc: ./axi_algorithm.h:184
:2  %tmp_2 = call i32 (...)* @_ssdm_op_SpecRegionBegin([15 x i8]* @p_str5)

ST_3: StgValue_21 (27)  [1/1] 0.00ns  loc: ./axi_algorithm.h:185
:3  call void (...)* @_ssdm_op_SpecPipeline(i32 1, i32 1, i32 1, i32 0, [1 x i8]* @p_str2) nounwind

ST_3: StgValue_22 (31)  [1/1] 0.00ns  loc: ./axi_algorithm.h:183
:7  call void @_ssdm_op_Write.axis.volatile.i32P.i4P.i4P.i4P.i1P.i5P.i5P(i32* %output_data_V, i4* %output_keep_V, i4* %output_strb_V, i4* %output_user_V, i1* %output_last_V, i5* %output_id_V, i5* %output_dest_V, i32 %p_Val2_s, i4 -1, i4 -1, i4 0, i1 %last_assign, i5 0, i5 0)

ST_3: empty_2 (32)  [1/1] 0.00ns  loc: ./axi_algorithm.h:187
:8  %empty_2 = call i32 (...)* @_ssdm_op_SpecRegionEnd([15 x i8]* @p_str5, i32 %tmp_2)

ST_3: StgValue_24 (33)  [1/1] 0.00ns  loc: ./axi_algorithm.h:183
:9  br label %1


 <State 4>: 0.00ns
ST_4: StgValue_25 (35)  [1/1] 0.00ns  loc: ./axi_algorithm.h:188
:0  ret void



============================================================
+ Verbose Summary: Timing violations
============================================================
Target clock period: 10ns, clock uncertainty: 1.25ns.

 <State 1>: 1.77ns
The critical path consists of the following:
	multiplexor before 'phi' operation ('i') with incoming values : ('i', ./axi_algorithm.h:183) [19]  (1.77 ns)

 <State 2>: 4.14ns
The critical path consists of the following:
	'icmp' operation ('tmp', ./axi_algorithm.h:183) [20]  (2.07 ns)
	blocking operation 2.07 ns on control path)

 <State 3>: 0ns
The critical path consists of the following:

 <State 4>: 0ns
The critical path consists of the following:


============================================================
+ Verbose Summary: Binding
============================================================
N/A
* FSMD analyzer results:
  - Output states:
 - Input state : 
  - Chain level:
	State 1
	State 2
	State 3
	State 4


============================================================
+ Verbose Summary: Datapath Resource usage 
============================================================
N/A
